<html>
<body>
<pre>
<h1>µVision Build Log</h1>
<h2>Tool Versions:</h2>
IDE-Version: ¦ÌVision V5.36.0.0
Copyright (C) 2021 ARM Ltd and ARM Germany GmbH. All rights reserved.
License Information: Xing Shen, Zhejiang University, LIC=YA39H-W57MZ-015P1-C12XL-UCXL8-VSJFI
 
Tool Versions:
Toolchain:       MDK-ARM Plus  Version: 5.36.0.0
Toolchain Path:  E:\MDK5\ARM\ARMCC\Bin
C Compiler:      Armcc.exe V5.06 update 7 (build 960)
Assembler:       Armasm.exe V5.06 update 7 (build 960)
Linker/Locator:  ArmLink.exe V5.06 update 7 (build 960)
Library Manager: ArmAr.exe V5.06 update 7 (build 960)
Hex Converter:   FromElf.exe V5.06 update 7 (build 960)
CPU DLL:         SARMCM3.DLL V5.36.0.0
Dialog DLL:      DCM.DLL V1.17.3.0
Target DLL:      CMSIS_AGDI.dll V1.33.0.0
Dialog DLL:      TCM.DLL V1.53.0.0
 
<h2>Project:</h2>
E:\ECE 445\À¶ÑÀ+µç»ú+adc\Projects\MDK-ARM\atk_f407.uvprojx
Project File Date:  04/25/2024

<h2>Output:</h2>
*** Using Compiler 'V5.06 update 7 (build 960)', folder: 'E:\MDK5\ARM\ARMCC\Bin'
Build target 'ATK-MW579'
compiling main.c...
..\..\User\main.c(71): warning:  #177-D: variable "start_ampm"  was declared but never referenced
      uint8_t start_hour, start_min, start_sec, start_ampm;
..\..\User\main.c(86): warning:  #177-D: variable "start_t"  was declared but never referenced
      uint8_t start_t;
..\..\User\main.c(88): warning:  #177-D: variable "buf"  was declared but never referenced
      char buf[32];
..\..\User\main.c: 3 warnings, 0 errors
linking...
Program Size: Code=48194 RO-data=14642 RW-data=488 ZI-data=3944  
FromELF: creating hex file...
"..\..\Output\atk_f407.axf" - 0 Error(s), 3 Warning(s).

<h2>Software Packages used:</h2>

Package Vendor: Keil
                http://www.keil.com/pack/Keil.STM32F4xx_DFP.2.15.0.pack
                Keil.STM32F4xx_DFP.2.15.0
                STMicroelectronics STM32F4 Series Device Support, Drivers and Examples

<h2>Collection of Component include folders:</h2>
  E:\MDK5\Keil\STM32F4xx_DFP\2.15.0\Drivers\CMSIS\Device\ST\STM32F4xx\Include

<h2>Collection of Component Files used:</h2>
Build Time Elapsed:  00:00:02
</pre>
</body>
</html>
